
R version 4.2.0 (2022-04-22 ucrt) -- "Vigorous Calisthenics"
Copyright (C) 2022 The R Foundation for Statistical Computing
Platform: x86_64-w64-mingw32/x64 (64-bit)

R is free software and comes with ABSOLUTELY NO WARRANTY.
You are welcome to redistribute it under certain conditions.
Type 'license()' or 'licence()' for distribution details.

  Natural language support but running in an English locale

R is a collaborative project with many contributors.
Type 'contributors()' for more information and
'citation()' on how to cite R or R packages in publications.

Type 'demo()' for some demos, 'help()' for on-line help, or
'help.start()' for an HTML browser interface to help.
Type 'q()' to quit R.

> library(ggplot2)
Warning message:
package 'ggplot2' was built under R version 4.2.2 
> data(iris)
> head(iris)
  Sepal.Length Sepal.Width Petal.Length Petal.Width Species
1          5.1         3.5          1.4         0.2  setosa
2          4.9         3.0          1.4         0.2  setosa
3          4.7         3.2          1.3         0.2  setosa
4          4.6         3.1          1.5         0.2  setosa
5          5.0         3.6          1.4         0.2  setosa
6          5.4         3.9          1.7         0.4  setosa
> #   Sepal.Length Sepal.Width Petal.Length Petal.Width Species
> # 1          5.1         3.5          1.4         0.2  setosa
> # 2          4.9         3.0          1.4         0.2  setosa
> # 3          4.7         3.2          1.3         0.2  setosa
> # 4          4.6         3.1          1.5         0.2  setosa
> # 5          5.0         3.6          1.4         0.2  setosa
> # 6          5.4         3.9          1.7         0.4  setosa
> 
> 
> 
> 
> 
> 
> plot(iris$Sepal.Width, iris$Sepal.Length)
> # NULL
> dim(iris)
[1] 150   5
> # [1] 150   5
> library(tidyverse)
── Attaching core tidyverse packages ──────────────────────── tidyverse 2.0.0 ──
✔ dplyr     1.1.0     ✔ readr     2.1.4
✔ forcats   1.0.0     ✔ stringr   1.5.0
✔ lubridate 1.9.2     ✔ tibble    3.2.0
✔ purrr     1.0.1     ✔ tidyr     1.3.0
── Conflicts ────────────────────────────────────────── tidyverse_conflicts() ──
✖ dplyr::filter() masks stats::filter()
✖ dplyr::lag()    masks stats::lag()
ℹ Use the conflicted package (<http://conflicted.r-lib.org/>) to force all conflicts to become errors
Warning messages:
1: package 'tidyverse' was built under R version 4.2.2 
2: package 'tibble' was built under R version 4.2.2 
3: package 'tidyr' was built under R version 4.2.3 
4: package 'readr' was built under R version 4.2.2 
5: package 'purrr' was built under R version 4.2.2 
6: package 'dplyr' was built under R version 4.2.2 
7: package 'stringr' was built under R version 4.2.2 
8: package 'forcats' was built under R version 4.2.2 
9: package 'lubridate' was built under R version 4.2.2 
> install.packages("nycflights13")
Installing package into 'C:/Users/ZGN1/R4.2/site-packages'
(as 'lib' is unspecified)
Error in contrib.url(repos, "source") : 
  trying to use CRAN without setting a mirror
Calls: install.packages -> contrib.url
Execution halted
